// Jest Snapshot v1, https://goo.gl/fbAQLP

exports[`FormsContainer Component <FormsContainer /> renders correctly 1`] = `
<section
  className="forms-container"
>
  <button
    className="forms-container__button"
    onClick={[Function]}
  >
    Load Object                     
  </button>
  <form
    className="form form--blue"
  >
    <div
      className="form__input-container"
    >
      <label
        className="form__label"
      >
        Application:
      </label>
      <select
        className="form__input"
        onChange={[Function]}
        value="POS Legacy"
      >
        <option
          value="POS Legacy"
        >
          POS Legacy
        </option>
        <option
          value="Cashiering Legacy"
        >
          Cashiering Legacy
        </option>
        <option
          value="POS Reports Legacy"
        >
          POS Reports Legacy
        </option>
        <option
          value="Bridge API"
        >
          Bridge API
        </option>
        <option
          value="Webpay"
        >
          Webpay
        </option>
        <option
          value="SWP Cards"
        >
          SWP Cards
        </option>
        <option
          value="SWP Checks"
        >
          SWP Checks
        </option>
        <option
          value="ViewProcess"
        >
          ViewProcess
        </option>
      </select>
    </div>
    <div
      className="form__input-container"
    >
      <label
        className="form__label"
      >
        Environment:
      </label>
      <select
        className="form__input"
        onChange={[Function]}
        value="https://webtest.cenpos.net/webpay/v7/html5/"
      >
        <option
          value="https://webtest.cenpos.net/webpay/v7/html5/"
        >
          Dev
        </option>
        <option
          value="https://webqa.cenpos.net/webpay/v7/html5/"
        >
          QA
        </option>
        <option
          value="https://webstaging.cenpos.net/webpay/v7/html5/"
        >
          Staging: KNX
        </option>
        <option
          value="https://webstaging2.cenpos.net/webpay/v7/html5/"
        >
          Staging: OBC
        </option>
        <option
          value="https://www4.cenpos.net/webpay/v7/html5/"
        >
          Prod: LB
        </option>
        <option
          value="https://elavonwww.cenpos.net/webpay/v7/html5/"
        >
          Prod: KNX
        </option>
        <option
          value="https://elavon.cenpos.net/webpay/v7/html5/"
        >
          Prod: OBC
        </option>
        <option
          value="custom"
        >
          Custom
        </option>
      </select>
    </div>
    <div
      className="form__input-container"
    >
      <label
        className="form__label"
      >
        Method:
      </label>
      <select
        className="form__input"
        onChange={[Function]}
        value="POST"
      >
        <option
          value="POST"
        >
          POST
        </option>
        <option
          value="GET"
        >
          GET
        </option>
      </select>
    </div>
    <div
      className="form__input-container"
    >
      <label
        className="form__label"
      >
        Transaction:
      </label>
      <select
        className="form__input"
        onChange={[Function]}
        value="sale"
      >
        <option
          value="sale"
        >
          sale
        </option>
        <option
          value="achcredit"
        >
          achcredit
        </option>
        <option
          value="achdebit"
        >
          achdebit
        </option>
        <option
          value="activate"
        >
          activate
        </option>
        <option
          value="auth"
        >
          auth
        </option>
        <option
          value="createtoken"
        >
          createtoken
        </option>
        <option
          value="credit"
        >
          credit
        </option>
        <option
          value="ebppinvoice"
        >
          ebppinvoice
        </option>
        <option
          value="force"
        >
          force
        </option>
        <option
          value="guarantee"
        >
          guarantee
        </option>
        <option
          value="inquire"
        >
          inquire
        </option>
        <option
          value="moto"
        >
          moto
        </option>
        <option
          value="reauth"
        >
          reauth
        </option>
        <option
          value="recurringauth"
        >
          recurringauth
        </option>
        <option
          value="recurringcredit"
        >
          recurringcredit
        </option>
        <option
          value="recurringsale"
        >
          recurringsale
        </option>
        <option
          value="reload"
        >
          reload
        </option>
        <option
          value="repeatauth"
        >
          repeatauth
        </option>
        <option
          value="repeatsale"
        >
          repeatsale
        </option>
        <option
          value="return"
        >
          return
        </option>
        <option
          value="reversal"
        >
          reversal
        </option>
        <option
          value="salemoto"
        >
          salemoto
        </option>
        <option
          value="signature"
        >
          signature
        </option>
        <option
          value="tokencheck"
        >
          tokencheck
        </option>
        <option
          value="usechecktoken"
        >
          usechecktoken
        </option>
        <option
          value="voiceauth"
        >
          voiceauth
        </option>
        <option
          value="void"
        >
          void
        </option>
      </select>
    </div>
  </form>
</section>
`;
