// Jest Snapshot v1, https://goo.gl/fbAQLP

exports[`ObjectView Component <OjbectView /> renders correctly 1`] = `
<div
  className="object-view"
/>
`;
