// Jest Snapshot v1, https://goo.gl/fbAQLP

exports[`ObjectContainer Component <OjbectContainer /> renders correctly 1`] = `
<section
  className="object-container"
>
  <div
    className="endpoint-name"
  >
    <label
      className="endpoint-name__label"
      htmlFor="endpoint-name"
    >
      Endpoint:
    </label>
    <input
      className="endpoint-name__input"
      id="endpoint-name"
      readOnly={true}
      type="text"
      value="https://ðŸ˜ŽðŸ˜µðŸ¤ "
    />
  </div>
  <div
    className="object-view"
  />
</section>
`;
